Vivado Simulator 2020.2
Copyright 1986-1999, 2001-2020 Xilinx, Inc. All Rights Reserved.
Running: C:/Xilinx/Vivado/2020.2/bin/unwrapped/win64.o/xelab.exe -wto d40c32f77c2842c0adeaffd274cd93fc --incr --debug typical --relax --mt 2 -L xil_defaultlib -L unisims_ver -L unimacro_ver -L secureip --snapshot tb_btn_avg_behav xil_defaultlib.tb_btn_avg xil_defaultlib.glbl -log elaborate.log 
Using 2 slave threads.
Starting static elaboration
Pass Through NonSizing Optimizer
WARNING: [VRFC 10-3091] actual bit length 32 differs from formal bit length 1 for port 'up_r' [C:/verilog_jjm/260222 sw_w_uart_fifo_sr04_dht11_project_final/260222 sw_w_uart_fifo_sr04_dht11_project_final.srcs/sources_1/imports/260221 sw_w_uart_fifo_sr04_dht11_2sec_backup_ver.3/watch_datapath.v:31]
WARNING: [VRFC 10-3091] actual bit length 32 differs from formal bit length 1 for port 'up_l' [C:/verilog_jjm/260222 sw_w_uart_fifo_sr04_dht11_project_final/260222 sw_w_uart_fifo_sr04_dht11_project_final.srcs/sources_1/imports/260221 sw_w_uart_fifo_sr04_dht11_2sec_backup_ver.3/watch_datapath.v:47]
WARNING: [VRFC 10-3091] actual bit length 32 differs from formal bit length 1 for port 'up_r' [C:/verilog_jjm/260222 sw_w_uart_fifo_sr04_dht11_project_final/260222 sw_w_uart_fifo_sr04_dht11_project_final.srcs/sources_1/imports/260221 sw_w_uart_fifo_sr04_dht11_2sec_backup_ver.3/watch_datapath.v:64]
WARNING: [VRFC 10-3091] actual bit length 32 differs from formal bit length 1 for port 'up_l' [C:/verilog_jjm/260222 sw_w_uart_fifo_sr04_dht11_project_final/260222 sw_w_uart_fifo_sr04_dht11_project_final.srcs/sources_1/imports/260221 sw_w_uart_fifo_sr04_dht11_2sec_backup_ver.3/watch_datapath.v:80]
Completed static elaboration
Starting simulation data flow analysis
Completed simulation data flow analysis
Time Resolution for simulation is 1ps
Compiling module xil_defaultlib.tick_gen_1khz
Compiling module xil_defaultlib.btn_avg_controller
Compiling module xil_defaultlib.tick_gen_10u
Compiling module xil_defaultlib.dht11_controller
Compiling module xil_defaultlib.uart_tx
Compiling module xil_defaultlib.register_file
Compiling module xil_defaultlib.fifo_control_unit
Compiling module xil_defaultlib.fifo
Compiling module xil_defaultlib.uart_rx
Compiling module xil_defaultlib.baud_tick_default
Compiling module xil_defaultlib.UART_TOP
Compiling module xil_defaultlib.ascii_sender
Compiling module xil_defaultlib.ascii_decoder
Compiling module xil_defaultlib.mux_sel_stopwatch_watch_distance
Compiling module xil_defaultlib.tick_gen_1us
Compiling module xil_defaultlib.sr04_controller
Compiling module xil_defaultlib.btn_debounce_default
Compiling module xil_defaultlib.control_unit
Compiling module xil_defaultlib.tick_counter(BIT_WIDTH=5)
Compiling module xil_defaultlib.tick_counter(BIT_WIDTH=6)
Compiling module xil_defaultlib.tick_counter
Compiling module xil_defaultlib.tick_gen_100hz
Compiling module xil_defaultlib.stopwatch_datapath
Compiling module xil_defaultlib.tick_counter_watch(BIT_WIDTH=5)
Compiling module xil_defaultlib.tick_counter_watch(BIT_WIDTH=6)
Compiling module xil_defaultlib.tick_counter_watch
Compiling module xil_defaultlib.watch_datapath
Compiling module xil_defaultlib.digit_splitter(BIT_WIDTH=8)
Compiling module xil_defaultlib.digit_splitter(BIT_WIDTH=5)
Compiling module xil_defaultlib.digit_splitter(BIT_WIDTH=6)
Compiling module xil_defaultlib.digit_splitter
Compiling module xil_defaultlib.digit_splitter(BIT_WIDTH=16)
Compiling module xil_defaultlib.dot_onoff_comp
Compiling module xil_defaultlib.mux_8x1
Compiling module xil_defaultlib.clk_div
Compiling module xil_defaultlib.counter_8
Compiling module xil_defaultlib.decoder_2x4
Compiling module xil_defaultlib.bcd
Compiling module xil_defaultlib.fnd_controller
Compiling module xil_defaultlib.top_uart_S_W_D
Compiling module xil_defaultlib.tb_btn_avg
Compiling module xil_defaultlib.glbl
Built simulation snapshot tb_btn_avg_behav
